2025-06-20 10:08:42,492 - __main__ - INFO - Noise ratio: 0.2
2025-06-20 10:08:42,504 - __main__ - INFO - Namespace(dataset='INRIA-Websearch', seed=1, alpha=0.5, lamda=1, margin=0.9, lambd=5, barycenter_number=1, top_k=10, warm_up_epoch=0, MAX_EPOCH=100, batch_size=256, output_dim=512, lr=0.0001, noisy_ratio=0.2, noise_mode='sym', GPU=1, hard_weight=True, noisy_train=True, logging='INRIA-Websearch_ablation')
2025-06-20 10:21:33,689 - __main__ - INFO - ...Image to Text MAP = 0.5290004423916858
2025-06-20 10:21:49,085 - __main__ - INFO - ...Text to Image MAP = 0.5330072433187
2025-06-20 10:21:49,085 - __main__ - INFO - ...Average MAP = 0.5310038428551929
2025-06-20 10:21:57,936 - __main__ - INFO - Noise ratio: 0.2
2025-06-20 10:21:57,939 - __main__ - INFO - Namespace(dataset='INRIA-Websearch', seed=1, alpha=0.0, lamda=1, margin=0.9, lambd=5, barycenter_number=1, top_k=10, warm_up_epoch=0, MAX_EPOCH=100, batch_size=256, output_dim=512, lr=0.0001, noisy_ratio=0.2, noise_mode='sym', GPU=1, hard_weight=True, noisy_train=True, logging='INRIA-Websearch_ablation')
2025-06-20 10:32:15,479 - __main__ - INFO - ...Image to Text MAP = 0.48899692382774534
2025-06-20 10:32:25,002 - __main__ - INFO - ...Text to Image MAP = 0.49786212537370217
2025-06-20 10:32:25,003 - __main__ - INFO - ...Average MAP = 0.49342952460072376
2025-06-20 10:32:45,855 - __main__ - INFO - Noise ratio: 0.2
2025-06-20 10:32:45,856 - __main__ - INFO - Namespace(dataset='INRIA-Websearch', seed=1, alpha=0.5, lamda=1, margin=0.9, lambd=5, barycenter_number=1, top_k=10, warm_up_epoch=0, MAX_EPOCH=100, batch_size=256, output_dim=512, lr=0.0001, noisy_ratio=0.2, noise_mode='sym', GPU=1, hard_weight=True, noisy_train=False, logging='INRIA-Websearch_ablation')
2025-06-20 10:45:11,330 - __main__ - INFO - ...Image to Text MAP = 0.5185656694181893
2025-06-20 10:45:26,472 - __main__ - INFO - ...Text to Image MAP = 0.5231060176652744
2025-06-20 10:45:26,472 - __main__ - INFO - ...Average MAP = 0.5208358435417318
2025-06-20 10:45:36,741 - __main__ - INFO - Noise ratio: 0.2
2025-06-20 10:45:36,741 - __main__ - INFO - Namespace(dataset='INRIA-Websearch', seed=1, alpha=0.5, lamda=0.0, margin=0.9, lambd=5, barycenter_number=1, top_k=10, warm_up_epoch=0, MAX_EPOCH=100, batch_size=256, output_dim=512, lr=0.0001, noisy_ratio=0.2, noise_mode='sym', GPU=1, hard_weight=True, noisy_train=True, logging='INRIA-Websearch_ablation')
2025-06-20 11:02:47,825 - __main__ - INFO - ...Image to Text MAP = 0.48207744389587814
2025-06-20 11:03:07,080 - __main__ - INFO - ...Text to Image MAP = 0.49084316174616205
2025-06-20 11:03:07,085 - __main__ - INFO - ...Average MAP = 0.4864603028210201
2025-06-20 11:03:26,044 - __main__ - INFO - Noise ratio: 0.2
2025-06-20 11:03:26,045 - __main__ - INFO - Namespace(dataset='INRIA-Websearch', seed=1, alpha=0.5, lamda=1, margin=0.9, lambd=5, barycenter_number=1, top_k=10, warm_up_epoch=0, MAX_EPOCH=100, batch_size=256, output_dim=512, lr=0.0001, noisy_ratio=0.2, noise_mode='sym', GPU=1, hard_weight=False, noisy_train=True, logging='INRIA-Websearch_ablation')
2025-06-20 11:13:38,230 - __main__ - INFO - ...Image to Text MAP = 0.5307716839507485
2025-06-20 11:13:46,888 - __main__ - INFO - ...Text to Image MAP = 0.5351085657931544
2025-06-20 11:13:47,017 - __main__ - INFO - ...Average MAP = 0.5329401248719514
2025-06-20 11:17:23,925 - __main__ - INFO - Noise ratio: 0.4
2025-06-20 11:17:23,928 - __main__ - INFO - Namespace(dataset='INRIA-Websearch', seed=1, alpha=0.5, lamda=1, margin=0.9, lambd=5, barycenter_number=1, top_k=10, warm_up_epoch=0, MAX_EPOCH=100, batch_size=256, output_dim=512, lr=0.0001, noisy_ratio=0.4, noise_mode='sym', GPU=1, hard_weight=True, noisy_train=True, logging='INRIA-Websearch_ablation')
2025-06-20 11:27:34,690 - __main__ - INFO - ...Image to Text MAP = 0.521886254686977
2025-06-20 11:27:44,635 - __main__ - INFO - ...Text to Image MAP = 0.5280465686779189
2025-06-20 11:27:44,714 - __main__ - INFO - ...Average MAP = 0.524966411682448
2025-06-20 11:30:35,257 - __main__ - INFO - Noise ratio: 0.4
2025-06-20 11:30:35,260 - __main__ - INFO - Namespace(dataset='INRIA-Websearch', seed=1, alpha=0.0, lamda=1, margin=0.9, lambd=5, barycenter_number=1, top_k=10, warm_up_epoch=0, MAX_EPOCH=100, batch_size=256, output_dim=512, lr=0.0001, noisy_ratio=0.4, noise_mode='sym', GPU=1, hard_weight=True, noisy_train=True, logging='INRIA-Websearch_ablation')
2025-06-20 11:44:16,839 - __main__ - INFO - ...Image to Text MAP = 0.33224268337744717
2025-06-20 11:44:31,402 - __main__ - INFO - ...Text to Image MAP = 0.34777122515488923
2025-06-20 11:44:31,426 - __main__ - INFO - ...Average MAP = 0.3400069542661682
2025-06-20 11:46:46,723 - __main__ - INFO - Noise ratio: 0.4
2025-06-20 11:46:46,723 - __main__ - INFO - Namespace(dataset='INRIA-Websearch', seed=1, alpha=0.5, lamda=1, margin=0.9, lambd=5, barycenter_number=1, top_k=10, warm_up_epoch=0, MAX_EPOCH=100, batch_size=256, output_dim=512, lr=0.0001, noisy_ratio=0.4, noise_mode='sym', GPU=1, hard_weight=True, noisy_train=False, logging='INRIA-Websearch_ablation')
2025-06-20 11:58:20,311 - __main__ - INFO - ...Image to Text MAP = 0.4942057149642082
2025-06-20 11:58:43,805 - __main__ - INFO - ...Text to Image MAP = 0.5005749715355553
2025-06-20 11:58:43,819 - __main__ - INFO - ...Average MAP = 0.49739034324988174
2025-06-20 12:01:39,203 - __main__ - INFO - Noise ratio: 0.4
2025-06-20 12:01:39,204 - __main__ - INFO - Namespace(dataset='INRIA-Websearch', seed=1, alpha=0.5, lamda=0.0, margin=0.9, lambd=5, barycenter_number=1, top_k=10, warm_up_epoch=0, MAX_EPOCH=100, batch_size=256, output_dim=512, lr=0.0001, noisy_ratio=0.4, noise_mode='sym', GPU=1, hard_weight=True, noisy_train=True, logging='INRIA-Websearch_ablation')
2025-06-20 12:14:01,611 - __main__ - INFO - ...Image to Text MAP = 0.4852094672090122
2025-06-20 12:14:13,300 - __main__ - INFO - ...Text to Image MAP = 0.4883420719172622
2025-06-20 12:14:13,302 - __main__ - INFO - ...Average MAP = 0.4867757695631372
2025-06-20 12:14:39,262 - __main__ - INFO - Noise ratio: 0.4
2025-06-20 12:14:39,263 - __main__ - INFO - Namespace(dataset='INRIA-Websearch', seed=1, alpha=0.5, lamda=1, margin=0.9, lambd=5, barycenter_number=1, top_k=10, warm_up_epoch=0, MAX_EPOCH=100, batch_size=256, output_dim=512, lr=0.0001, noisy_ratio=0.4, noise_mode='sym', GPU=0, hard_weight=False, noisy_train=True, logging='INRIA-Websearch_ablation')
2025-06-20 12:34:50,255 - __main__ - INFO - ...Image to Text MAP = 0.5224741547255228
2025-06-20 12:35:23,098 - __main__ - INFO - ...Text to Image MAP = 0.5264024128660667
2025-06-20 12:35:23,099 - __main__ - INFO - ...Average MAP = 0.5244382837957948
2025-06-20 12:35:47,794 - __main__ - INFO - Noise ratio: 0.6
2025-06-20 12:35:47,813 - __main__ - INFO - Namespace(dataset='INRIA-Websearch', seed=1, alpha=0.5, lamda=1, margin=0.9, lambd=5, barycenter_number=1, top_k=10, warm_up_epoch=0, MAX_EPOCH=100, batch_size=256, output_dim=512, lr=0.0001, noisy_ratio=0.6, noise_mode='sym', GPU=0, hard_weight=True, noisy_train=True, logging='INRIA-Websearch_ablation')
2025-06-20 12:55:47,914 - __main__ - INFO - ...Image to Text MAP = 0.5155562364199519
2025-06-20 12:56:08,019 - __main__ - INFO - ...Text to Image MAP = 0.5254555099141351
2025-06-20 12:56:08,020 - __main__ - INFO - ...Average MAP = 0.5205058731670436
2025-06-20 12:56:22,163 - __main__ - INFO - Noise ratio: 0.6
2025-06-20 12:56:22,169 - __main__ - INFO - Namespace(dataset='INRIA-Websearch', seed=1, alpha=0.0, lamda=1, margin=0.9, lambd=5, barycenter_number=1, top_k=10, warm_up_epoch=0, MAX_EPOCH=100, batch_size=256, output_dim=512, lr=0.0001, noisy_ratio=0.6, noise_mode='sym', GPU=0, hard_weight=True, noisy_train=True, logging='INRIA-Websearch_ablation')
2025-06-20 13:12:48,789 - __main__ - INFO - ...Image to Text MAP = 0.07943911110944549
2025-06-20 13:13:07,986 - __main__ - INFO - ...Text to Image MAP = 0.0870377002801747
2025-06-20 13:13:07,987 - __main__ - INFO - ...Average MAP = 0.08323840569481009
2025-06-20 13:13:16,161 - __main__ - INFO - Noise ratio: 0.6
2025-06-20 13:13:16,161 - __main__ - INFO - Namespace(dataset='INRIA-Websearch', seed=1, alpha=0.5, lamda=1, margin=0.9, lambd=5, barycenter_number=1, top_k=10, warm_up_epoch=0, MAX_EPOCH=100, batch_size=256, output_dim=512, lr=0.0001, noisy_ratio=0.6, noise_mode='sym', GPU=0, hard_weight=True, noisy_train=False, logging='INRIA-Websearch_ablation')
2025-06-20 13:25:44,040 - __main__ - INFO - ...Image to Text MAP = 0.4629377524946092
2025-06-20 13:25:55,275 - __main__ - INFO - ...Text to Image MAP = 0.4706510804811514
2025-06-20 13:25:55,276 - __main__ - INFO - ...Average MAP = 0.46679441648788034
2025-06-20 13:26:07,502 - __main__ - INFO - Noise ratio: 0.6
2025-06-20 13:26:07,503 - __main__ - INFO - Namespace(dataset='INRIA-Websearch', seed=1, alpha=0.5, lamda=0.0, margin=0.9, lambd=5, barycenter_number=1, top_k=10, warm_up_epoch=0, MAX_EPOCH=100, batch_size=256, output_dim=512, lr=0.0001, noisy_ratio=0.6, noise_mode='sym', GPU=0, hard_weight=True, noisy_train=True, logging='INRIA-Websearch_ablation')
2025-06-20 13:36:49,414 - __main__ - INFO - ...Image to Text MAP = 0.4988897844987804
2025-06-20 13:36:59,737 - __main__ - INFO - ...Text to Image MAP = 0.5093274371382792
2025-06-20 13:36:59,738 - __main__ - INFO - ...Average MAP = 0.5041086108185298
2025-06-20 13:37:10,216 - __main__ - INFO - Noise ratio: 0.6
2025-06-20 13:37:10,216 - __main__ - INFO - Namespace(dataset='INRIA-Websearch', seed=1, alpha=0.5, lamda=1, margin=0.9, lambd=5, barycenter_number=1, top_k=10, warm_up_epoch=0, MAX_EPOCH=100, batch_size=256, output_dim=512, lr=0.0001, noisy_ratio=0.6, noise_mode='sym', GPU=0, hard_weight=False, noisy_train=True, logging='INRIA-Websearch_ablation')
2025-06-20 13:47:45,484 - __main__ - INFO - ...Image to Text MAP = 0.5051579011182188
2025-06-20 13:47:56,554 - __main__ - INFO - ...Text to Image MAP = 0.51556009667029
2025-06-20 13:47:56,555 - __main__ - INFO - ...Average MAP = 0.5103589988942544
2025-06-20 13:48:07,450 - __main__ - INFO - Noise ratio: 0.8
2025-06-20 13:48:07,453 - __main__ - INFO - Namespace(dataset='INRIA-Websearch', seed=1, alpha=0.5, lamda=1, margin=0.9, lambd=5, barycenter_number=1, top_k=10, warm_up_epoch=0, MAX_EPOCH=100, batch_size=256, output_dim=512, lr=0.0001, noisy_ratio=0.8, noise_mode='sym', GPU=0, hard_weight=True, noisy_train=True, logging='INRIA-Websearch_ablation')
2025-06-20 13:58:53,556 - __main__ - INFO - ...Image to Text MAP = 0.4994079699957453
2025-06-20 13:59:03,856 - __main__ - INFO - ...Text to Image MAP = 0.5077893118473541
2025-06-20 13:59:03,857 - __main__ - INFO - ...Average MAP = 0.5035986409215497
2025-06-20 13:59:14,382 - __main__ - INFO - Noise ratio: 0.8
2025-06-20 13:59:14,384 - __main__ - INFO - Namespace(dataset='INRIA-Websearch', seed=1, alpha=0.0, lamda=1, margin=0.9, lambd=5, barycenter_number=1, top_k=10, warm_up_epoch=0, MAX_EPOCH=100, batch_size=256, output_dim=512, lr=0.0001, noisy_ratio=0.8, noise_mode='sym', GPU=0, hard_weight=True, noisy_train=True, logging='INRIA-Websearch_ablation')
2025-06-20 14:09:34,363 - __main__ - INFO - ...Image to Text MAP = 0.021088185719749766
2025-06-20 14:09:43,405 - __main__ - INFO - ...Text to Image MAP = 0.061242594245364546
2025-06-20 14:09:43,405 - __main__ - INFO - ...Average MAP = 0.04116538998255716
2025-06-20 14:09:53,931 - __main__ - INFO - Noise ratio: 0.8
2025-06-20 14:09:53,932 - __main__ - INFO - Namespace(dataset='INRIA-Websearch', seed=1, alpha=0.5, lamda=1, margin=0.9, lambd=5, barycenter_number=1, top_k=10, warm_up_epoch=0, MAX_EPOCH=100, batch_size=256, output_dim=512, lr=0.0001, noisy_ratio=0.8, noise_mode='sym', GPU=0, hard_weight=True, noisy_train=False, logging='INRIA-Websearch_ablation')
2025-06-20 14:18:49,585 - __main__ - INFO - ...Image to Text MAP = 0.3428335567559577
2025-06-20 14:18:58,353 - __main__ - INFO - ...Text to Image MAP = 0.35051691016434655
2025-06-20 14:18:58,354 - __main__ - INFO - ...Average MAP = 0.34667523346015217
2025-06-20 14:19:10,300 - __main__ - INFO - Noise ratio: 0.8
2025-06-20 14:19:10,301 - __main__ - INFO - Namespace(dataset='INRIA-Websearch', seed=1, alpha=0.5, lamda=0.0, margin=0.9, lambd=5, barycenter_number=1, top_k=10, warm_up_epoch=0, MAX_EPOCH=100, batch_size=256, output_dim=512, lr=0.0001, noisy_ratio=0.8, noise_mode='sym', GPU=0, hard_weight=True, noisy_train=True, logging='INRIA-Websearch_ablation')
2025-06-20 14:30:09,925 - __main__ - INFO - ...Image to Text MAP = 0.4964928654913106
2025-06-20 14:30:18,812 - __main__ - INFO - ...Text to Image MAP = 0.5079974616623875
2025-06-20 14:30:18,812 - __main__ - INFO - ...Average MAP = 0.502245163576849
2025-06-20 14:30:29,516 - __main__ - INFO - Noise ratio: 0.8
2025-06-20 14:30:29,517 - __main__ - INFO - Namespace(dataset='INRIA-Websearch', seed=1, alpha=0.5, lamda=1, margin=0.9, lambd=5, barycenter_number=1, top_k=10, warm_up_epoch=0, MAX_EPOCH=100, batch_size=256, output_dim=512, lr=0.0001, noisy_ratio=0.8, noise_mode='sym', GPU=0, hard_weight=False, noisy_train=True, logging='INRIA-Websearch_ablation')
2025-06-20 14:41:11,981 - __main__ - INFO - ...Image to Text MAP = 0.49984119745448513
2025-06-20 14:41:21,943 - __main__ - INFO - ...Text to Image MAP = 0.505086037540328
2025-06-20 14:41:21,944 - __main__ - INFO - ...Average MAP = 0.5024636174974065
